// Jest Snapshot v1, https://goo.gl/fbAQLP

exports[`Footer rendering Footer Correct rendering 1`] = `
<DocumentFragment>
  <footer
    class="footer "
  >
    <div
      class="footer__open"
    >
      <button>
        <img
          alt="arrow"
          src="icons/down-arrow.svg"
        />
      </button>
    </div>
    <div
      class="footer__pagination"
    >
      <div
        class="pagination"
      >
        <button
          disabled=""
        >
          <img
            alt="|"
            src="icons/pagination-line.svg"
          />
          <img
            alt="<"
            src="icons/left-arrow.svg"
          />
        </button>
        <button
          disabled=""
        >
          <img
            alt="<"
            src="icons/left-arrow.svg"
          />
        </button>
        <div
          class="pagination__description"
        >
          <span>
            1
          </span>
          <span>
            -
          </span>
          <span>
            100
          </span>
          <span>
             of 450 
          </span>
        </div>
        <button>
          <img
            alt=">"
            src="icons/right-arrow.svg"
          />
        </button>
        <button>
          <img
            alt=">"
            src="icons/right-arrow.svg"
          />
          <img
            alt="|"
            src="icons/pagination-line.svg"
          />
        </button>
      </div>
    </div>
    <div
      class="footer__results-number"
    >
      <div
        class="footer__results-number__select"
      >
        <p>
          Results per page:
        </p>
        <div
          class="select"
        >
          <button
            class="select__button"
          >
            <span>
              100
            </span>
            <img
              alt="down"
              src="icons/down-arrow.svg"
            />
          </button>
          <ul
            class="list"
          >
            <li
              class="list__item"
            >
              10
            </li>
            <li
              class="list__item"
            >
              100
            </li>
            <li
              class="list__item"
            >
              1000
            </li>
          </ul>
        </div>
      </div>
      <div
        class="footer__results-number__powered"
      >
        <p>
          Powered by: 
        </p>
        <img
          alt="movie database"
          src="icons/movie-database.svg"
        />
      </div>
    </div>
    <div
      class="footer__sort"
    >
      <p>
        Sort by:
      </p>
      <div
        class="select"
      >
        <button
          class="select__button"
        >
          <span>
            Title
          </span>
          <img
            alt="down"
            src="icons/down-arrow.svg"
          />
        </button>
        <ul
          class="list"
        >
          <li
            class="list__item"
          >
            Title
          </li>
          <li
            class="list__item"
          >
            Release date
          </li>
          <li
            class="list__item"
          >
            Budget
          </li>
        </ul>
      </div>
      <div
        class="select"
      >
        <button
          class="select__button"
        >
          <span>
            Ascending
          </span>
          <img
            alt="down"
            src="icons/down-arrow.svg"
          />
        </button>
        <ul
          class="list"
        >
          <li
            class="list__item"
          >
            Ascending
          </li>
          <li
            class="list__item"
          >
            Descending
          </li>
        </ul>
      </div>
    </div>
  </footer>
</DocumentFragment>
`;
